[16:37:57] [main/INFO]: Loading Minecraft 1.21.8 with Fabric Loader 0.16.14
[16:37:57] [main/INFO]: Loading 63 mods:
	- carpet 1.4.177+v250630
	- essential-addons 2.1.0+1.21.8
	   |-- arcade-commands 0.6.1-beta.19
	   |-- arcade-event-registry 0.6.1-beta.19
	   |-- arcade-events-server 0.6.1-beta.19
	   |-- arcade-extensions 0.6.1-beta.19
	   |-- arcade-utils 0.6.1-beta.19
	   \-- fabric-permissions-api-v0 0.4.1
	- fabric-api 0.133.4+1.21.8
	   |-- fabric-api-base 0.5.0+cd8c0daa2c
	   |-- fabric-api-lookup-api-v1 1.6.101+946bf4c32c
	   |-- fabric-biome-api-v1 16.0.11+946bf4c32c
	   |-- fabric-block-api-v1 1.1.3+946bf4c32c
	   |-- fabric-block-view-api-v2 1.0.31+946bf4c32c
	   |-- fabric-command-api-v2 2.3.1+52fff9ec2c
	   |-- fabric-content-registries-v0 10.1.0+c75de69d2c
	   |-- fabric-convention-tags-v1 2.1.41+7f945d5b2c
	   |-- fabric-convention-tags-v2 2.15.6+eb5df52f2c
	   |-- fabric-crash-report-info-v1 0.3.15+946bf4c32c
	   |-- fabric-data-attachment-api-v1 1.8.13+38b5f74e2c
	   |-- fabric-data-generation-api-v1 23.2.7+0b1ef9762c
	   |-- fabric-dimensions-v1 4.0.20+948fc79a2c
	   |-- fabric-entity-events-v1 2.1.2+c9e472732c
	   |-- fabric-events-interaction-v0 4.0.25+946bf4c32c
	   |-- fabric-game-rule-api-v1 1.0.73+c64c9c5b2c
	   |-- fabric-item-api-v1 11.5.0+02ce13f42c
	   |-- fabric-item-group-api-v1 4.2.14+c5f9bbc12c
	   |-- fabric-key-binding-api-v1 1.0.65+946bf4c32c
	   |-- fabric-lifecycle-events-v1 2.6.4+db4dfd852c
	   |-- fabric-loot-api-v2 3.0.56+3f89f5a52c
	   |-- fabric-loot-api-v3 2.0.3+946bf4c32c
	   |-- fabric-message-api-v1 6.1.2+946bf4c32c
	   |-- fabric-model-loading-api-v1 5.2.7+946bf4c32c
	   |-- fabric-networking-api-v1 5.0.3+4ddbf91b2c
	   |-- fabric-object-builder-api-v1 21.1.9+946bf4c32c
	   |-- fabric-particles-v1 4.1.9+946bf4c32c
	   |-- fabric-recipe-api-v1 8.1.16+946bf4c32c
	   |-- fabric-registry-sync-v0 6.1.29+946bf4c32c
	   |-- fabric-renderer-api-v1 7.0.4+208eed172c
	   |-- fabric-renderer-indigo 4.0.4+946bf4c32c
	   |-- fabric-rendering-fluids-v1 3.1.31+fa6cb72b2c
	   |-- fabric-rendering-v1 12.5.1+fbe231d52c
	   |-- fabric-resource-conditions-api-v1 5.0.25+98e6d6db2c
	   |-- fabric-resource-loader-v0 3.1.12+020423442c
	   |-- fabric-screen-api-v1 2.1.1+277ecf7d2c
	   |-- fabric-screen-handler-api-v1 1.3.138+946bf4c32c
	   |-- fabric-serialization-api-v1 1.0.0+fc0e5aba2c
	   |-- fabric-sound-api-v1 1.0.42+946bf4c32c
	   |-- fabric-tag-api-v1 1.2.2+946bf4c32c
	   |-- fabric-transfer-api-v1 6.0.6+946bf4c32c
	   \-- fabric-transitive-access-wideners-v1 6.5.0+c847ce762c
	- fabric-language-kotlin 1.13.6+kotlin.2.2.20
	   |-- org_jetbrains_kotlin_kotlin-reflect 2.2.20
	   |-- org_jetbrains_kotlin_kotlin-stdlib 2.2.20
	   |-- org_jetbrains_kotlin_kotlin-stdlib-jdk7 2.2.20
	   |-- org_jetbrains_kotlin_kotlin-stdlib-jdk8 2.2.20
	   |-- org_jetbrains_kotlinx_atomicfu-jvm 0.29.0
	   |-- org_jetbrains_kotlinx_kotlinx-coroutines-core-jvm 1.10.2
	   |-- org_jetbrains_kotlinx_kotlinx-coroutines-jdk8 1.10.2
	   |-- org_jetbrains_kotlinx_kotlinx-datetime-jvm 0.7.1
	   |-- org_jetbrains_kotlinx_kotlinx-io-bytestring-jvm 0.8.0
	   |-- org_jetbrains_kotlinx_kotlinx-io-core-jvm 0.8.0
	   |-- org_jetbrains_kotlinx_kotlinx-serialization-cbor-jvm 1.9.0
	   |-- org_jetbrains_kotlinx_kotlinx-serialization-core-jvm 1.9.0
	   \-- org_jetbrains_kotlinx_kotlinx-serialization-json-jvm 1.9.0
	- fabricloader 0.16.14
	   \-- mixinextras 0.4.1
	- java 21
	- minecraft 1.21.8
	- syncmatica 0.3.15
	   \-- fabric-permissions-api-v0 0.4.1
[16:37:57] [main/INFO]: SpongePowered MIXIN Subsystem Version=0.8.7 Source=file:/workspaces/Nature/servidor_minecraft/libraries/net/fabricmc/sponge-mixin/0.15.5+mixin.0.8.7/sponge-mixin-0.15.5+mixin.0.8.7.jar Service=Knot/Fabric Env=SERVER
[16:37:57] [main/INFO]: Compatibility level set to JAVA_17
[16:37:57] [main/INFO]: Compatibility level set to JAVA_21
[16:37:58] [main/WARN]: Error loading class: eu/pb4/polymer/common/impl/entity/InternalEntityHelpers (java.lang.ClassNotFoundException: eu/pb4/polymer/common/impl/entity/InternalEntityHelpers)
[16:37:58] [main/WARN]: @Mixin target eu.pb4.polymer.common.impl.entity.InternalEntityHelpers was not found arcade-extensions.mixins.json:compat.InternalEntityHelpersMixin from mod arcade-extensions
[16:37:58] [main/INFO]: Initializing MixinExtras via com.llamalad7.mixinextras.service.MixinExtrasServiceImpl(version=0.4.1).
[16:38:07] [main/INFO]: Environment: Environment[sessionHost=https://sessionserver.mojang.com, servicesHost=https://api.minecraftservices.com, name=PROD]
[16:38:09] [main/INFO]: Loaded 1407 recipes
[16:38:09] [main/INFO]: Loaded 1520 advancements
[16:38:09] [main/INFO]: Applied 0 biome modifications to 0 of 65 new biomes in 1.183 ms
[16:38:09] [Server thread/INFO]: Starting minecraft server version 1.21.8
[16:38:09] [Server thread/INFO]: Loading properties
[16:38:09] [Server thread/INFO]: Default game type: SURVIVAL
[16:38:09] [Server thread/INFO]: Generating keypair
[16:38:09] [Server thread/INFO]: Starting Minecraft server on *:25565
[16:38:09] [Server thread/INFO]: Using epoll channel type
[16:38:10] [Server thread/WARN]: **** SERVER IS RUNNING IN OFFLINE/INSECURE MODE!
[16:38:10] [Server thread/WARN]: The server will make no attempt to authenticate usernames. Beware.
[16:38:10] [Server thread/WARN]: While this makes the game possible to play without internet access, it also opens up the ability for hackers to connect with any username they choose.
[16:38:10] [Server thread/WARN]: To change this, set "online-mode" to "true" in the server.properties file.
[16:38:10] [Server thread/INFO]: Preparing level "world"
[16:38:10] [Server thread/INFO]: [CM] Loaded 2 settings from carpet.conf
[16:38:10] [Server thread/INFO]: Preparing start region for dimension minecraft:overworld
[16:38:15] [Worker-Main-3/INFO]: Preparing spawn area: 0%
[16:38:15] [Worker-Main-3/INFO]: Preparing spawn area: 0%
[16:38:15] [Worker-Main-3/INFO]: Preparing spawn area: 0%
[16:38:15] [Worker-Main-3/INFO]: Preparing spawn area: 0%
[16:38:15] [Worker-Main-3/INFO]: Preparing spawn area: 0%
[16:38:15] [Worker-Main-3/INFO]: Preparing spawn area: 0%
[16:38:15] [Worker-Main-3/INFO]: Preparing spawn area: 0%
[16:38:15] [Worker-Main-3/INFO]: Preparing spawn area: 0%
[16:38:15] [Worker-Main-3/INFO]: Preparing spawn area: 0%
[16:38:15] [Worker-Main-3/INFO]: Preparing spawn area: 0%
[16:38:15] [Server thread/INFO]: Time elapsed: 4625 ms
[16:38:15] [Server thread/INFO]: Done (5.256s)! For help, type "help"
[16:38:49] [Server thread/INFO]: Dytro_9_MC[/127.124.178.247:40661] logged in with entity id 11 at (1280.5, 103.0, -498.5)
[16:38:49] [Server thread/INFO]: Dytro_9_MC joined the game
[16:38:49] [Server thread/INFO]: Syncmatica client joining with local version 0.3.15 and client version 0.3.15
[16:57:55] [Server thread/INFO]: Chupito2003[/127.220.109.49:59397] logged in with entity id 4463 at (1289.059519047711, 62.0, -313.33166160128775)
[16:57:56] [Server thread/INFO]: Chupito2003 joined the game
[16:57:56] [Server thread/INFO]: Syncmatica client joining with local version 0.3.15 and client version 0.3.15
[16:58:53] [Server thread/INFO]: Hierro[local] logged in with entity id 4754 at (1287.48, 62.0, -312.35)
[16:58:53] [Server thread/INFO]: Hierro joined the game
[17:00:07] [Server thread/INFO]: Chupito2003 lost connection: Disconnected
[17:00:07] [Server thread/INFO]: Chupito2003 left the game
[17:04:31] [Server thread/INFO]: Chupito2003[/127.220.109.49:54161] logged in with entity id 5918 at (1286.4191023353872, 62.0, -311.30000001192093)
[17:04:31] [Server thread/INFO]: Chupito2003 joined the game
[17:04:31] [Server thread/INFO]: Syncmatica client joining with local version 0.3.15 and client version 0.3.15
[17:07:47] [Server thread/INFO]: Chupito2003 lost connection: Disconnected
[17:07:47] [Server thread/INFO]: Chupito2003 left the game
[17:08:17] [Server thread/INFO]: Chupito2003[/127.220.109.49:48461] logged in with entity id 7040 at (1269.031149560641, 103.0, -525.7472299240509)
[17:08:17] [Server thread/INFO]: Chupito2003 joined the game
[17:08:18] [Server thread/INFO]: Syncmatica client joining with local version 0.3.15 and client version 0.3.15
